src/app/[lang]/old-user/history/page.tsx(107,21): error TS18048: 's.names.vn' is possibly 'undefined'.
