src/components/CustomForYou/index.tsx(200,5): error TS1128: Declaration or statement expected.
